PumjaRasaayani shunya.tri, Quantum Chemistry program in x10, v0.4
1 places, 1 threads per place

translated molecule by [6.299e-08, -1.89e-07, -0]

Radius = 2.071927
rad/PI=0.659515
----------------------------------------------------------
Input (including defaults):
----------------------------------------------------------
2water
basis cc-pVTZ
molecule
H   -1.23395   -0.02020    0.45703
H   -0.38266    0.00690    0.03538
O   -0.96941    0.00286   -0.07391
H    1.08823    0.48007   -0.22166
H    1.07356   -0.47101   -0.25143
O    0.90126   -0.00233    0.07149
end
scf_method diis
scf_max 1
scf_converge 1.0E-5
diis_start 0.1
diis_converge 1.0E-5
diis_subspace_size 15
guess sad
gmat_parallel_scheme 0
----------------------------------------------------------
Number of atoms: 6
	Reading in basis info. for cc-pVTZ from test/basis

Using 130 basis functions.
    Time for setting up basis functions: 10.6 milliseconds

    Time for computing 1E integrals: 1.41 seconds

Nuclear repulsion energy = 109.584730 a.u.

Number of 2E integrals: 36256870
Integral_Pack.cc N=300 L=30
maxam=3
F2e(1)=11
F2e(2)=27
F2e(3)=42
F2e(4)=65
F2e(5)=92
F2e(6)=124
 0  0     3     0     0     0
 1  0     6    11     3     0
 1  1     9    49     9    18
 2  0     9    49     6     0
 2  1    12   129    16    36
 2  2    15   274    31   168
 3  0    12   129    10     0
 3  1    15   274    25    60
 3  2    18   511    46   270
 3  3    21   872    74   776
roN=300 roL=30 roNK=300
found 924
mu=55 nu=55 | maxmaxl=30
mu=120 nu=120 | maxmaxl=30
mu=120 nu=108 | maxmaxl=30
mu=55 nu=43 | maxmaxl=30
mu=108 nu=108 | maxmaxl=30
mu=43 nu=43 | maxmaxl=30
mu=120 nu=99 | maxmaxl=30
mu=55 nu=34 | maxmaxl=30
mu=43 nu=34 | maxmaxl=30
mu=108 nu=99 | maxmaxl=30
mu=34 nu=34 | maxmaxl=30
mu=99 nu=99 | maxmaxl=30
mu=120 nu=95 | maxmaxl=30
mu=55 nu=30 | maxmaxl=30
mu=108 nu=95 | maxmaxl=30
mu=43 nu=30 | maxmaxl=30
mu=55 nu=49 | maxmaxl=30
mu=120 nu=114 | maxmaxl=30
mu=99 nu=95 | maxmaxl=30
mu=34 nu=30 | maxmaxl=30
mu=120 nu=96 | maxmaxl=30
mu=55 nu=31 | maxmaxl=30
mu=114 nu=108 | maxmaxl=30
mu=49 nu=43 | maxmaxl=30
mu=43 nu=31 | maxmaxl=30
mu=108 nu=96 | maxmaxl=30
mu=9 nu=9 | maxmaxl=30
mu=89 nu=89 | maxmaxl=30
mu=74 nu=74 | maxmaxl=30
mu=24 nu=24 | maxmaxl=23
mu=49 nu=34 | maxmaxl=30
mu=114 nu=99 | maxmaxl=30
mu=120 nu=102 | maxmaxl=30
mu=55 nu=37 | maxmaxl=30
mu=55 nu=9 | maxmaxl=30
mu=120 nu=74 | maxmaxl=30
mu=120 nu=89 | maxmaxl=30
mu=55 nu=24 | maxmaxl=30
mu=34 nu=31 | maxmaxl=30
mu=99 nu=96 | maxmaxl=30
mu=43 nu=37 | maxmaxl=30
mu=108 nu=102 | maxmaxl=30
mu=30 nu=30 | maxmaxl=30
mu=95 nu=95 | maxmaxl=30
mu=37 nu=34 | maxmaxl=30
mu=102 nu=99 | maxmaxl=30
mu=9 nu=3 | maxmaxl=30
mu=24 nu=18 | maxmaxl=23
mu=74 nu=68 | maxmaxl=30
mu=89 nu=83 | maxmaxl=30
mu=43 nu=9 | maxmaxl=30
mu=108 nu=74 | maxmaxl=30
mu=108 nu=89 | maxmaxl=30
mu=43 nu=24 | maxmaxl=30
mu=55 nu=32 | maxmaxl=30
mu=120 nu=97 | maxmaxl=30
mu=114 nu=95 | maxmaxl=30
mu=49 nu=30 | maxmaxl=30
mu=108 nu=97 | maxmaxl=30
mu=43 nu=32 | maxmaxl=30
mu=31 nu=30 | maxmaxl=30
mu=96 nu=95 | maxmaxl=30
mu=55 nu=3 | maxmaxl=30
mu=120 nu=68 | maxmaxl=30
mu=120 nu=83 | maxmaxl=30
mu=55 nu=18 | maxmaxl=30
mu=55 nu=40 | maxmaxl=30
mu=120 nu=105 | maxmaxl=30
mu=49 nu=49 | maxmaxl=30
mu=114 nu=114 | maxmaxl=30
mu=55 nu=6 | maxmaxl=30
mu=120 nu=71 | maxmaxl=30
mu=120 nu=86 | maxmaxl=30
mu=55 nu=21 | maxmaxl=30
mu=3 nu=3 | maxmaxl=30
mu=83 nu=83 | maxmaxl=30
mu=18 nu=18 | maxmaxl=23
mu=68 nu=68 | maxmaxl=30
mu=34 nu=32 | maxmaxl=30
mu=99 nu=97 | maxmaxl=30
mu=108 nu=105 | maxmaxl=30
mu=43 nu=40 | maxmaxl=30
mu=9 nu=34 | maxmaxl=30
mu=74 nu=99 | maxmaxl=30
mu=89 nu=99 | maxmaxl=30
mu=24 nu=34 | maxmaxl=30
mu=114 nu=96 | maxmaxl=30
mu=49 nu=31 | maxmaxl=30
mu=37 nu=30 | maxmaxl=30
mu=102 nu=95 | maxmaxl=30
mu=49 nu=9 | maxmaxl=30
mu=114 nu=74 | maxmaxl=30
mu=114 nu=89 | maxmaxl=30
mu=49 nu=24 | maxmaxl=28
mu=43 nu=6 | maxmaxl=30
mu=108 nu=71 | maxmaxl=30
mu=108 nu=86 | maxmaxl=30
mu=43 nu=21 | maxmaxl=30
mu=43 nu=3 | maxmaxl=30
mu=96 nu=96 | maxmaxl=30
mu=31 nu=31 | maxmaxl=30
mu=108 nu=68 | maxmaxl=30
mu=108 nu=83 | maxmaxl=30
mu=43 nu=18 | maxmaxl=30
mu=105 nu=99 | maxmaxl=30
mu=40 nu=34 | maxmaxl=30
mu=74 nu=65 | maxmaxl=30
mu=9 nu=0 | maxmaxl=30
mu=89 nu=80 | maxmaxl=30
mu=24 nu=15 | maxmaxl=30
mu=120 nu=98 | maxmaxl=30
mu=55 nu=33 | maxmaxl=30
mu=24 nu=21 | maxmaxl=20
mu=89 nu=86 | maxmaxl=30
mu=9 nu=6 | maxmaxl=30
mu=74 nu=71 | maxmaxl=30
mu=49 nu=37 | maxmaxl=30
mu=114 nu=102 | maxmaxl=30
mu=34 nu=6 | maxmaxl=30
mu=99 nu=71 | maxmaxl=30
mu=99 nu=86 | maxmaxl=30
mu=34 nu=21 | maxmaxl=30
mu=108 nu=98 | maxmaxl=30
mu=43 nu=33 | maxmaxl=30
mu=37 nu=31 | maxmaxl=30
mu=102 nu=96 | maxmaxl=30
mu=32 nu=30 | maxmaxl=30
mu=97 nu=95 | maxmaxl=30
mu=9 nu=37 | maxmaxl=30
mu=74 nu=102 | maxmaxl=30
mu=89 nu=102 | maxmaxl=30
mu=55 nu=1 | maxmaxl=30
mu=120 nu=66 | maxmaxl=30
mu=120 nu=81 | maxmaxl=30
mu=24 nu=37 | maxmaxl=27
mu=55 nu=16 | maxmaxl=30
mu=49 nu=3 | maxmaxl=30
mu=114 nu=68 | maxmaxl=30
mu=114 nu=83 | maxmaxl=30
mu=49 nu=18 | maxmaxl=26
mu=55 nu=0 | maxmaxl=30
mu=34 nu=33 | maxmaxl=30
mu=99 nu=98 | maxmaxl=30
mu=120 nu=65 | maxmaxl=30
mu=120 nu=80 | maxmaxl=30
mu=55 nu=15 | maxmaxl=30
mu=3 nu=0 | maxmaxl=30
mu=68 nu=65 | maxmaxl=30
mu=83 nu=80 | maxmaxl=30
mu=18 nu=15 | maxmaxl=30
mu=86 nu=83 | maxmaxl=30
mu=71 nu=68 | maxmaxl=30
mu=6 nu=3 | maxmaxl=30
mu=21 nu=18 | maxmaxl=19
mu=55 nu=2 | maxmaxl=30
mu=120 nu=67 | maxmaxl=30
mu=120 nu=82 | maxmaxl=30
mu=55 nu=17 | maxmaxl=30
mu=43 nu=1 | maxmaxl=30
mu=108 nu=66 | maxmaxl=30
mu=108 nu=81 | maxmaxl=30
mu=102 nu=102 | maxmaxl=30
mu=37 nu=37 | maxmaxl=30
mu=43 nu=16 | maxmaxl=30
mu=9 nu=30 | maxmaxl=30
mu=74 nu=95 | maxmaxl=30
mu=89 nu=95 | maxmaxl=30
mu=105 nu=95 | maxmaxl=30
mu=40 nu=30 | maxmaxl=30
mu=24 nu=30 | maxmaxl=30
mu=114 nu=97 | maxmaxl=30
mu=49 nu=32 | maxmaxl=30
mu=34 nu=3 | maxmaxl=30
mu=99 nu=68 | maxmaxl=30
mu=99 nu=83 | maxmaxl=30
mu=34 nu=18 | maxmaxl=30
mu=43 nu=2 | maxmaxl=30
mu=108 nu=67 | maxmaxl=30
mu=108 nu=82 | maxmaxl=30
mu=43 nu=17 | maxmaxl=30
mu=9 nu=40 | maxmaxl=30
mu=74 nu=105 | maxmaxl=30
mu=89 nu=105 | maxmaxl=30
mu=24 nu=40 | maxmaxl=21
mu=97 nu=96 | maxmaxl=30
mu=32 nu=31 | maxmaxl=30
mu=9 nu=1 | maxmaxl=30
mu=24 nu=16 | maxmaxl=18
mu=74 nu=66 | maxmaxl=30
mu=89 nu=81 | maxmaxl=30
mu=6 nu=30 | maxmaxl=30
mu=71 nu=95 | maxmaxl=30
mu=86 nu=95 | maxmaxl=30
mu=21 nu=30 | maxmaxl=30
mu=34 nu=1 | maxmaxl=30
mu=99 nu=66 | maxmaxl=30
mu=99 nu=81 | maxmaxl=30
mu=34 nu=16 | maxmaxl=30
mu=114 nu=105 | maxmaxl=28
mu=49 nu=40 | maxmaxl=30
mu=49 nu=6 | maxmaxl=30
mu=114 nu=71 | maxmaxl=30
mu=114 nu=86 | maxmaxl=30
mu=49 nu=21 | maxmaxl=26
mu=37 nu=3 | maxmaxl=30
mu=102 nu=68 | maxmaxl=30
mu=102 nu=83 | maxmaxl=30
mu=37 nu=18 | maxmaxl=26
mu=43 nu=0 | maxmaxl=30
mu=108 nu=65 | maxmaxl=30
mu=108 nu=80 | maxmaxl=30
mu=43 nu=15 | maxmaxl=30
mu=24 nu=9 | maxmaxl=30
mu=34 nu=2 | maxmaxl=30
mu=99 nu=67 | maxmaxl=30
mu=99 nu=82 | maxmaxl=30
mu=34 nu=17 | maxmaxl=30
mu=89 nu=74 | maxmaxl=30
mu=105 nu=96 | maxmaxl=30
mu=40 nu=31 | maxmaxl=30
mu=102 nu=97 | maxmaxl=30
mu=37 nu=32 | maxmaxl=30
mu=98 nu=95 | maxmaxl=30
mu=33 nu=30 | maxmaxl=30
mu=120 nu=17 | maxmaxl=30
mu=40 nu=3 | maxmaxl=30
mu=105 nu=68 | maxmaxl=30
mu=105 nu=83 | maxmaxl=30
mu=40 nu=18 | maxmaxl=20
mu=9 nu=32 | maxmaxl=30
mu=74 nu=97 | maxmaxl=30
mu=89 nu=97 | maxmaxl=30
mu=9 nu=33 | maxmaxl=30
mu=24 nu=32 | maxmaxl=30
mu=74 nu=98 | maxmaxl=30
mu=89 nu=98 | maxmaxl=30
mu=9 nu=21 | maxmaxl=30
mu=24 nu=6 | maxmaxl=24
mu=24 nu=33 | maxmaxl=20
mu=89 nu=71 | maxmaxl=30
mu=74 nu=86 | maxmaxl=30
mu=74 nu=67 | maxmaxl=30
mu=89 nu=82 | maxmaxl=30
mu=24 nu=17 | maxmaxl=17
mu=9 nu=2 | maxmaxl=30
mu=3 nu=1 | maxmaxl=30
mu=18 nu=16 | maxmaxl=18
mu=68 nu=66 | maxmaxl=30
mu=83 nu=81 | maxmaxl=30
mu=49 nu=0 | maxmaxl=30
mu=114 nu=65 | maxmaxl=30
mu=114 nu=80 | maxmaxl=30
mu=49 nu=15 | maxmaxl=30
mu=80 nu=80 | maxmaxl=30
mu=0 nu=0 | maxmaxl=30
mu=65 nu=65 | maxmaxl=30
mu=15 nu=15 | maxmaxl=30
mu=108 nu=17 | maxmaxl=30
mu=6 nu=31 | maxmaxl=30
mu=71 nu=96 | maxmaxl=30
mu=86 nu=96 | maxmaxl=30
mu=21 nu=31 | maxmaxl=30
mu=21 nu=15 | maxmaxl=30
mu=86 nu=80 | maxmaxl=30
mu=71 nu=65 | maxmaxl=30
mu=6 nu=0 | maxmaxl=30
mu=40 nu=37 | maxmaxl=29
mu=105 nu=102 | maxmaxl=28
mu=21 nu=21 | maxmaxl=16
mu=71 nu=71 | maxmaxl=30
mu=6 nu=6 | maxmaxl=30
mu=86 nu=86 | maxmaxl=30
mu=114 nu=98 | maxmaxl=27
mu=49 nu=33 | maxmaxl=29
mu=37 nu=6 | maxmaxl=30
mu=102 nu=71 | maxmaxl=30
mu=102 nu=86 | maxmaxl=30
mu=37 nu=21 | maxmaxl=26
mu=9 nu=31 | maxmaxl=30
mu=30 nu=1 | maxmaxl=30
mu=95 nu=66 | maxmaxl=30
mu=95 nu=81 | maxmaxl=30
mu=30 nu=16 | maxmaxl=30
mu=74 nu=96 | maxmaxl=30
mu=89 nu=96 | maxmaxl=30
mu=34 nu=0 | maxmaxl=30
mu=99 nu=65 | maxmaxl=30
mu=99 nu=80 | maxmaxl=30
mu=24 nu=31 | maxmaxl=30
mu=120 nu=21 | maxmaxl=26
mu=34 nu=15 | maxmaxl=30
mu=98 nu=96 | maxmaxl=30
mu=33 nu=31 | maxmaxl=30
mu=97 nu=97 | maxmaxl=30
mu=32 nu=32 | maxmaxl=30
mu=30 nu=2 | maxmaxl=30
mu=95 nu=67 | maxmaxl=30
mu=95 nu=82 | maxmaxl=30
mu=30 nu=17 | maxmaxl=30
mu=3 nu=30 | maxmaxl=30
mu=68 nu=95 | maxmaxl=30
mu=83 nu=95 | maxmaxl=30
mu=99 nu=17 | maxmaxl=30
mu=18 nu=30 | maxmaxl=30
mu=49 nu=1 | maxmaxl=30
mu=114 nu=66 | maxmaxl=29
mu=114 nu=81 | maxmaxl=29
mu=49 nu=16 | maxmaxl=25
mu=24 nu=2 | maxmaxl=18
mu=9 nu=17 | maxmaxl=30
mu=74 nu=82 | maxmaxl=30
mu=89 nu=67 | maxmaxl=30
mu=68 nu=67 | maxmaxl=30
mu=18 nu=17 | maxmaxl=17
mu=3 nu=2 | maxmaxl=30
mu=83 nu=82 | maxmaxl=30
mu=3 nu=33 | maxmaxl=30
mu=68 nu=98 | maxmaxl=30
mu=83 nu=98 | maxmaxl=30
mu=18 nu=33 | maxmaxl=19
mu=9 nu=18 | maxmaxl=30
mu=24 nu=3 | maxmaxl=30
mu=74 nu=83 | maxmaxl=30
mu=89 nu=68 | maxmaxl=30
mu=21 nu=3 | maxmaxl=30
mu=18 nu=6 | maxmaxl=23
mu=37 nu=0 | maxmaxl=30
mu=24 nu=105 | maxmaxl=12
mu=102 nu=65 | maxmaxl=30
mu=102 nu=80 | maxmaxl=30
mu=83 nu=71 | maxmaxl=30
mu=86 nu=68 | maxmaxl=30
mu=37 nu=15 | maxmaxl=30
mu=102 nu=98 | maxmaxl=26
mu=37 nu=33 | maxmaxl=28
mu=40 nu=32 | maxmaxl=30
mu=105 nu=97 | maxmaxl=30
mu=49 nu=2 | maxmaxl=27
mu=114 nu=67 | maxmaxl=26
mu=114 nu=82 | maxmaxl=26
mu=49 nu=17 | maxmaxl=25
mu=24 nu=1 | maxmaxl=22
mu=9 nu=16 | maxmaxl=30
mu=89 nu=66 | maxmaxl=30
mu=74 nu=81 | maxmaxl=30
mu=108 nu=21 | maxmaxl=30
mu=3 nu=32 | maxmaxl=30
mu=68 nu=97 | maxmaxl=30
mu=83 nu=97 | maxmaxl=30
mu=18 nu=32 | maxmaxl=30
mu=31 nu=1 | maxmaxl=30
mu=96 nu=66 | maxmaxl=30
mu=96 nu=81 | maxmaxl=30
mu=31 nu=16 | maxmaxl=30
mu=120 nu=16 | maxmaxl=25
mu=40 nu=6 | maxmaxl=28
mu=105 nu=71 | maxmaxl=26
mu=105 nu=86 | maxmaxl=26
mu=40 nu=21 | maxmaxl=18
mu=6 nu=32 | maxmaxl=30
mu=71 nu=97 | maxmaxl=30
mu=86 nu=97 | maxmaxl=30
mu=21 nu=32 | maxmaxl=30
mu=31 nu=2 | maxmaxl=30
mu=96 nu=67 | maxmaxl=30
mu=96 nu=82 | maxmaxl=30
mu=31 nu=17 | maxmaxl=30
mu=40 nu=0 | maxmaxl=30
mu=105 nu=65 | maxmaxl=30
mu=105 nu=80 | maxmaxl=30
mu=40 nu=15 | maxmaxl=30
mu=66 nu=65 | maxmaxl=30
mu=81 nu=80 | maxmaxl=30
mu=1 nu=0 | maxmaxl=30
mu=16 nu=15 | maxmaxl=30
mu=37 nu=1 | maxmaxl=30
mu=102 nu=66 | maxmaxl=28
mu=102 nu=81 | maxmaxl=28
mu=37 nu=16 | maxmaxl=24
mu=21 nu=16 | maxmaxl=14
mu=6 nu=1 | maxmaxl=30
mu=71 nu=66 | maxmaxl=29
mu=86 nu=81 | maxmaxl=29
mu=3 nu=17 | maxmaxl=30
mu=18 nu=2 | maxmaxl=18
mu=83 nu=67 | maxmaxl=30
mu=68 nu=82 | maxmaxl=30
mu=105 nu=105 | maxmaxl=22
mu=40 nu=40 | maxmaxl=23
mu=21 nu=6 | maxmaxl=23
mu=86 nu=71 | maxmaxl=29
mu=95 nu=17 | maxmaxl=30
mu=114 nu=24 | maxmaxl=10
mu=18 nu=31 | maxmaxl=30
mu=108 nu=16 | maxmaxl=30
mu=83 nu=96 | maxmaxl=30
mu=68 nu=96 | maxmaxl=30
mu=37 nu=2 | maxmaxl=26
mu=102 nu=67 | maxmaxl=25
mu=102 nu=82 | maxmaxl=25
mu=3 nu=31 | maxmaxl=30
mu=37 nu=17 | maxmaxl=24
mu=24 nu=82 | maxmaxl=13
mu=89 nu=17 | maxmaxl=30
mu=24 nu=67 | maxmaxl=12
mu=74 nu=17 | maxmaxl=30
mu=33 nu=32 | maxmaxl=30
mu=98 nu=97 | maxmaxl=30
mu=105 nu=18 | maxmaxl=12
mu=55 nu=82 | maxmaxl=27
mu=114 nu=21 | maxmaxl=17
mu=30 nu=0 | maxmaxl=30
mu=55 nu=67 | maxmaxl=28
mu=114 nu=17 | maxmaxl=21
mu=95 nu=65 | maxmaxl=30
mu=95 nu=80 | maxmaxl=30
mu=18 nu=1 | maxmaxl=21
mu=3 nu=16 | maxmaxl=30
mu=99 nu=21 | maxmaxl=30
mu=83 nu=66 | maxmaxl=30
mu=68 nu=81 | maxmaxl=30
mu=30 nu=15 | maxmaxl=30
mu=24 nu=98 | maxmaxl=10
mu=6 nu=33 | maxmaxl=27
mu=71 nu=98 | maxmaxl=25
mu=86 nu=98 | maxmaxl=25
mu=21 nu=33 | maxmaxl=17
mu=120 nu=2 | maxmaxl=26
mu=82 nu=80 | maxmaxl=30
mu=17 nu=15 | maxmaxl=30
mu=2 nu=0 | maxmaxl=30
mu=67 nu=65 | maxmaxl=30
mu=120 nu=24 | maxmaxl=17
mu=33 nu=0 | maxmaxl=30
mu=98 nu=65 | maxmaxl=30
mu=98 nu=80 | maxmaxl=30
mu=33 nu=15 | maxmaxl=30
mu=86 nu=82 | maxmaxl=25
mu=71 nu=67 | maxmaxl=25
mu=21 nu=17 | maxmaxl=13
mu=6 nu=2 | maxmaxl=27
mu=43 nu=82 | maxmaxl=30
mu=43 nu=67 | maxmaxl=30
mu=120 nu=40 | maxmaxl=24
mu=55 nu=105 | maxmaxl=26
mu=105 nu=98 | maxmaxl=20
mu=40 nu=33 | maxmaxl=21
mu=96 nu=17 | maxmaxl=30
mu=18 nu=3 | maxmaxl=30
mu=32 nu=1 | maxmaxl=30
mu=97 nu=66 | maxmaxl=30
mu=97 nu=81 | maxmaxl=30
mu=83 nu=68 | maxmaxl=30
mu=32 nu=16 | maxmaxl=30
mu=9 nu=15 | maxmaxl=30
mu=24 nu=0 | maxmaxl=30
mu=21 nu=0 | maxmaxl=30
mu=6 nu=15 | maxmaxl=30
mu=71 nu=80 | maxmaxl=30
mu=86 nu=65 | maxmaxl=30
mu=74 nu=80 | maxmaxl=30
mu=89 nu=65 | maxmaxl=30
mu=108 nu=2 | maxmaxl=30
mu=40 nu=1 | maxmaxl=25
mu=105 nu=66 | maxmaxl=23
mu=105 nu=81 | maxmaxl=23
mu=40 nu=16 | maxmaxl=16
mu=99 nu=16 | maxmaxl=30
mu=105 nu=21 | maxmaxl=8
mu=83 nu=17 | maxmaxl=30
mu=18 nu=82 | maxmaxl=13
mu=32 nu=2 | maxmaxl=30
mu=97 nu=67 | maxmaxl=30
mu=97 nu=82 | maxmaxl=30
mu=32 nu=17 | maxmaxl=30
mu=68 nu=17 | maxmaxl=30
mu=18 nu=67 | maxmaxl=13
mu=102 nu=17 | maxmaxl=20
mu=21 nu=1 | maxmaxl=21
mu=6 nu=16 | maxmaxl=22
mu=86 nu=66 | maxmaxl=26
mu=71 nu=81 | maxmaxl=26
mu=66 nu=66 | maxmaxl=26
mu=1 nu=1 | maxmaxl=28
mu=81 nu=81 | maxmaxl=26
mu=16 nu=16 | maxmaxl=12
mu=32 nu=0 | maxmaxl=30
mu=97 nu=65 | maxmaxl=30
mu=97 nu=80 | maxmaxl=30
mu=34 nu=82 | maxmaxl=30
mu=102 nu=21 | maxmaxl=16
mu=32 nu=15 | maxmaxl=30
mu=6 nu=17 | maxmaxl=23
mu=21 nu=2 | maxmaxl=15
mu=86 nu=67 | maxmaxl=23
mu=71 nu=82 | maxmaxl=24
mu=114 nu=16 | maxmaxl=16
mu=34 nu=67 | maxmaxl=30
mu=24 nu=102 | maxmaxl=10
mu=17 nu=0 | maxmaxl=30
mu=15 nu=2 | maxmaxl=30
mu=82 nu=65 | maxmaxl=30
mu=80 nu=67 | maxmaxl=30
mu=108 nu=40 | maxmaxl=29
mu=43 nu=105 | maxmaxl=30
mu=18 nu=98 | maxmaxl=10
mu=99 nu=2 | maxmaxl=30
mu=40 nu=2 | maxmaxl=20
mu=105 nu=67 | maxmaxl=19
mu=105 nu=82 | maxmaxl=19
mu=40 nu=17 | maxmaxl=16
mu=114 nu=18 | maxmaxl=7
mu=98 nu=98 | maxmaxl=19
mu=33 nu=33 | maxmaxl=20
mu=21 nu=95 | maxmaxl=30
mu=105 nu=15 | maxmaxl=30
mu=33 nu=1 | maxmaxl=23
mu=98 nu=66 | maxmaxl=22
mu=98 nu=81 | maxmaxl=22
mu=33 nu=16 | maxmaxl=16
mu=16 nu=0 | maxmaxl=30
mu=15 nu=1 | maxmaxl=30
mu=81 nu=65 | maxmaxl=30
mu=80 nu=66 | maxmaxl=30
mu=24 nu=86 | maxmaxl=9
mu=89 nu=21 | maxmaxl=24
mu=24 nu=71 | maxmaxl=9
mu=74 nu=21 | maxmaxl=24
mu=67 nu=66 | maxmaxl=22
mu=17 nu=16 | maxmaxl=11
mu=2 nu=1 | maxmaxl=24
mu=82 nu=81 | maxmaxl=22
mu=21 nu=98 | maxmaxl=7
mu=105 nu=34 | maxmaxl=30
mu=99 nu=40 | maxmaxl=30
mu=31 nu=15 | maxmaxl=30
mu=55 nu=98 | maxmaxl=23
mu=120 nu=33 | maxmaxl=21
mu=97 nu=17 | maxmaxl=27
mu=96 nu=80 | maxmaxl=30
mu=96 nu=65 | maxmaxl=30
mu=31 nu=0 | maxmaxl=30
mu=95 nu=16 | maxmaxl=30
mu=102 nu=16 | maxmaxl=16
mu=105 nu=17 | maxmaxl=12
mu=21 nu=82 | maxmaxl=7
mu=86 nu=17 | maxmaxl=19
mu=71 nu=17 | maxmaxl=19
mu=21 nu=67 | maxmaxl=7
mu=105 nu=16 | maxmaxl=7
mu=82 nu=30 | maxmaxl=30
mu=49 nu=105 | maxmaxl=16
mu=114 nu=40 | maxmaxl=15
mu=49 nu=82 | maxmaxl=18
mu=3 nu=15 | maxmaxl=30
mu=18 nu=0 | maxmaxl=30
mu=83 nu=65 | maxmaxl=30
mu=68 nu=80 | maxmaxl=30
mu=67 nu=30 | maxmaxl=30
mu=16 nu=1 | maxmaxl=19
mu=33 nu=2 | maxmaxl=18
mu=81 nu=66 | maxmaxl=23
mu=98 nu=67 | maxmaxl=17
mu=98 nu=82 | maxmaxl=17
mu=33 nu=17 | maxmaxl=15
mu=49 nu=67 | maxmaxl=18
mu=86 nu=21 | maxmaxl=14
mu=71 nu=21 | maxmaxl=14
mu=108 nu=24 | maxmaxl=21
mu=89 nu=16 | maxmaxl=23
mu=24 nu=81 | maxmaxl=8
mu=82 nu=15 | maxmaxl=30
mu=80 nu=17 | maxmaxl=30
mu=16 nu=2 | maxmaxl=13
mu=17 nu=1 | maxmaxl=20
mu=81 nu=67 | maxmaxl=21
mu=82 nu=66 | maxmaxl=21
mu=114 nu=2 | maxmaxl=17
mu=67 nu=15 | maxmaxl=30
mu=65 nu=17 | maxmaxl=30
mu=95 nu=2 | maxmaxl=30
mu=74 nu=16 | maxmaxl=24
mu=24 nu=66 | maxmaxl=8
mu=24 nu=96 | maxmaxl=30
mu=2 nu=2 | maxmaxl=18
mu=82 nu=82 | maxmaxl=17
mu=67 nu=67 | maxmaxl=17
mu=17 nu=17 | maxmaxl=9
mu=108 nu=33 | maxmaxl=25
mu=43 nu=98 | maxmaxl=27
mu=102 nu=18 | maxmaxl=6
mu=120 nu=18 | maxmaxl=12
mu=98 nu=15 | maxmaxl=30
mu=89 nu=2 | maxmaxl=25
mu=9 nu=82 | maxmaxl=28
mu=105 nu=40 | maxmaxl=6
mu=21 nu=97 | maxmaxl=23
mu=9 nu=67 | maxmaxl=27
mu=74 nu=2 | maxmaxl=25
mu=83 nu=21 | maxmaxl=26
mu=86 nu=18 | maxmaxl=8
mu=17 nu=2 | maxmaxl=14
mu=82 nu=67 | maxmaxl=16
mu=98 nu=17 | maxmaxl=11
mu=114 nu=15 | maxmaxl=24
mu=68 nu=21 | maxmaxl=26
mu=71 nu=18 | maxmaxl=8
mu=82 nu=31 | maxmaxl=30
mu=37 nu=82 | maxmaxl=18
mu=67 nu=31 | maxmaxl=30
mu=37 nu=67 | maxmaxl=18
mu=98 nu=16 | maxmaxl=7
mu=105 nu=37 | maxmaxl=16
mu=102 nu=40 | maxmaxl=15
mu=105 nu=30 | maxmaxl=30
mu=40 nu=95 | maxmaxl=30
mu=89 nu=40 | maxmaxl=23
mu=96 nu=16 | maxmaxl=30
mu=21 nu=81 | maxmaxl=11
mu=86 nu=16 | maxmaxl=13
mu=102 nu=2 | maxmaxl=16
mu=21 nu=66 | maxmaxl=11
mu=71 nu=16 | maxmaxl=13
mu=96 nu=2 | maxmaxl=30
mu=74 nu=40 | maxmaxl=24
mu=21 nu=96 | maxmaxl=30
mu=81 nu=17 | maxmaxl=16
mu=82 nu=16 | maxmaxl=6
mu=66 nu=17 | maxmaxl=16
mu=67 nu=16 | maxmaxl=6
mu=34 nu=98 | maxmaxl=30
mu=99 nu=33 | maxmaxl=30
mu=114 nu=33 | maxmaxl=13
mu=49 nu=98 | maxmaxl=14
mu=83 nu=16 | maxmaxl=26
mu=18 nu=81 | maxmaxl=8
mu=18 nu=66 | maxmaxl=8
mu=68 nu=16 | maxmaxl=26
mu=97 nu=16 | maxmaxl=22
mu=82 nu=17 | maxmaxl=9
mu=9 nu=105 | maxmaxl=25
mu=67 nu=17 | maxmaxl=9
mu=40 nu=82 | maxmaxl=10
mu=40 nu=67 | maxmaxl=9
mu=3 nu=82 | maxmaxl=30
mu=83 nu=2 | maxmaxl=27
mu=120 nu=15 | maxmaxl=12
mu=15 nu=0 | maxmaxl=30
mu=3 nu=67 | maxmaxl=29
mu=68 nu=2 | maxmaxl=27
mu=80 nu=65 | maxmaxl=30
mu=105 nu=2 | maxmaxl=9
mu=40 nu=98 | maxmaxl=4
mu=105 nu=33 | maxmaxl=6
mu=18 nu=96 | maxmaxl=6
mu=24 nu=99 | maxmaxl=30
mu=86 nu=40 | maxmaxl=13
mu=71 nu=40 | maxmaxl=13
mu=82 nu=32 | maxmaxl=24
mu=102 nu=15 | maxmaxl=17
mu=67 nu=32 | maxmaxl=24
mu=81 nu=16 | maxmaxl=11
mu=66 nu=16 | maxmaxl=11
mu=89 nu=24 | maxmaxl=14
mu=83 nu=40 | maxmaxl=25
mu=102 nu=33 | maxmaxl=12
mu=37 nu=98 | maxmaxl=13
mu=105 nu=6 | maxmaxl=14
mu=105 nu=31 | maxmaxl=30
mu=40 nu=96 | maxmaxl=30
mu=97 nu=2 | maxmaxl=22
mu=74 nu=24 | maxmaxl=14
mu=68 nu=40 | maxmaxl=25
mu=86 nu=2 | maxmaxl=14
mu=6 nu=82 | maxmaxl=16
mu=71 nu=2 | maxmaxl=14
mu=6 nu=67 | maxmaxl=16
mu=86 nu=15 | maxmaxl=23
mu=21 nu=80 | maxmaxl=30
mu=82 nu=33 | maxmaxl=9
mu=67 nu=33 | maxmaxl=9
mu=71 nu=15 | maxmaxl=22
mu=21 nu=65 | maxmaxl=30
mu=114 nu=49 | maxmaxl=6
mu=89 nu=33 | maxmaxl=20
mu=95 nu=33 | maxmaxl=30
mu=98 nu=30 | maxmaxl=30
mu=105 nu=32 | maxmaxl=23
mu=40 nu=97 | maxmaxl=21
mu=105 nu=3 | maxmaxl=27
mu=74 nu=33 | maxmaxl=20
mu=98 nu=2 | maxmaxl=8
mu=98 nu=33 | maxmaxl=3
mu=40 nu=81 | maxmaxl=10
mu=9 nu=98 | maxmaxl=21
mu=40 nu=66 | maxmaxl=11
mu=81 nu=15 | maxmaxl=21
mu=80 nu=16 | maxmaxl=30
mu=82 nu=2 | maxmaxl=7
mu=67 nu=2 | maxmaxl=7
mu=24 nu=97 | maxmaxl=15
mu=66 nu=15 | maxmaxl=20
mu=65 nu=16 | maxmaxl=30
mu=108 nu=18 | maxmaxl=14
mu=80 nu=2 | maxmaxl=30
mu=82 nu=0 | maxmaxl=30
mu=86 nu=33 | maxmaxl=11
mu=67 nu=0 | maxmaxl=30
mu=65 nu=2 | maxmaxl=30
mu=71 nu=33 | maxmaxl=11
mu=105 nu=1 | maxmaxl=11
mu=55 nu=81 | maxmaxl=15
mu=96 nu=15 | maxmaxl=12
mu=55 nu=66 | maxmaxl=15
mu=6 nu=98 | maxmaxl=11
mu=55 nu=86 | maxmaxl=15
mu=49 nu=86 | maxmaxl=10
mu=81 nu=2 | maxmaxl=11
mu=82 nu=1 | maxmaxl=13
mu=66 nu=2 | maxmaxl=11
mu=67 nu=1 | maxmaxl=13
mu=55 nu=71 | maxmaxl=15
mu=49 nu=71 | maxmaxl=10
mu=83 nu=33 | maxmaxl=21
mu=120 nu=49 | maxmaxl=11
mu=55 nu=114 | maxmaxl=12
mu=108 nu=15 | maxmaxl=14
mu=40 nu=80 | maxmaxl=30
mu=68 nu=33 | maxmaxl=21
mu=49 nu=102 | maxmaxl=4
mu=114 nu=37 | maxmaxl=6
mu=40 nu=65 | maxmaxl=30
mu=49 nu=81 | maxmaxl=10
mu=120 nu=1 | maxmaxl=13
mu=98 nu=32 | maxmaxl=19
mu=97 nu=33 | maxmaxl=18
mu=49 nu=66 | maxmaxl=10
mu=114 nu=6 | maxmaxl=8
mu=81 nu=33 | maxmaxl=9
mu=66 nu=33 | maxmaxl=8
mu=96 nu=33 | maxmaxl=30
mu=98 nu=31 | maxmaxl=30
mu=3 nu=98 | maxmaxl=23
mu=120 nu=6 | maxmaxl=13
mu=105 nu=0 | maxmaxl=30
mu=43 nu=81 | maxmaxl=18
mu=114 nu=1 | maxmaxl=8
mu=98 nu=1 | maxmaxl=9
mu=24 nu=83 | maxmaxl=14
mu=89 nu=18 | maxmaxl=9
mu=43 nu=66 | maxmaxl=18
mu=74 nu=18 | maxmaxl=9
mu=24 nu=68 | maxmaxl=15
mu=86 nu=37 | maxmaxl=9
mu=99 nu=18 | maxmaxl=13
mu=43 nu=86 | maxmaxl=18
mu=71 nu=37 | maxmaxl=9
mu=43 nu=71 | maxmaxl=18
mu=37 nu=81 | maxmaxl=9
mu=108 nu=1 | maxmaxl=15
mu=37 nu=66 | maxmaxl=9
mu=49 nu=96 | maxmaxl=6
mu=114 nu=31 | maxmaxl=6
mu=102 nu=37 | maxmaxl=4
mu=102 nu=6 | maxmaxl=8
mu=24 nu=95 | maxmaxl=30
mu=80 nu=33 | maxmaxl=30
mu=99 nu=15 | maxmaxl=13
mu=65 nu=33 | maxmaxl=30
mu=55 nu=102 | maxmaxl=8
mu=120 nu=37 | maxmaxl=7
mu=18 nu=97 | maxmaxl=10
mu=102 nu=1 | maxmaxl=7
mu=108 nu=6 | maxmaxl=15
mu=34 nu=81 | maxmaxl=21
mu=89 nu=15 | maxmaxl=9
mu=24 nu=80 | maxmaxl=12
mu=74 nu=15 | maxmaxl=9
mu=24 nu=65 | maxmaxl=12
mu=34 nu=66 | maxmaxl=20
mu=108 nu=49 | maxmaxl=13
mu=114 nu=43 | maxmaxl=14
mu=98 nu=0 | maxmaxl=30
mu=86 nu=6 | maxmaxl=7
mu=71 nu=6 | maxmaxl=7
mu=86 nu=31 | maxmaxl=19
mu=86 nu=34 | maxmaxl=19
mu=71 nu=31 | maxmaxl=17
mu=18 nu=95 | maxmaxl=7
mu=99 nu=1 | maxmaxl=16
mu=71 nu=34 | maxmaxl=18
mu=86 nu=1 | maxmaxl=6
mu=6 nu=81 | maxmaxl=7
mu=6 nu=66 | maxmaxl=7
mu=71 nu=1 | maxmaxl=6
mu=97 nu=15 | maxmaxl=10
mu=102 nu=31 | maxmaxl=2
mu=37 nu=96 | maxmaxl=3
mu=81 nu=31 | maxmaxl=20
mu=55 nu=96 | maxmaxl=6
mu=120 nu=31 | maxmaxl=5
mu=6 nu=96 | maxmaxl=13
mu=66 nu=31 | maxmaxl=19
mu=99 nu=6 | maxmaxl=15
mu=81 nu=1 | maxmaxl=6
mu=89 nu=49 | maxmaxl=9
mu=96 nu=1 | maxmaxl=14
mu=66 nu=1 | maxmaxl=5
mu=74 nu=49 | maxmaxl=9
mu=81 nu=30 | maxmaxl=25
mu=83 nu=18 | maxmaxl=9
mu=114 nu=34 | maxmaxl=13
mu=49 nu=99 | maxmaxl=12
mu=66 nu=30 | maxmaxl=24
mu=68 nu=18 | maxmaxl=9
mu=9 nu=81 | maxmaxl=11
mu=89 nu=1 | maxmaxl=9
mu=81 nu=32 | maxmaxl=12
mu=9 nu=66 | maxmaxl=10
mu=74 nu=1 | maxmaxl=9
mu=96 nu=31 | maxmaxl=2
mu=43 nu=102 | maxmaxl=8
mu=108 nu=37 | maxmaxl=7
mu=66 nu=32 | maxmaxl=12
mu=114 nu=9 | maxmaxl=9
mu=95 nu=15 | maxmaxl=9
mu=86 nu=32 | maxmaxl=12
mu=9 nu=86 | maxmaxl=11
mu=89 nu=6 | maxmaxl=9
mu=95 nu=1 | maxmaxl=18
mu=18 nu=80 | maxmaxl=7
mu=83 nu=15 | maxmaxl=9
mu=71 nu=32 | maxmaxl=12
mu=74 nu=6 | maxmaxl=9
mu=9 nu=71 | maxmaxl=10
mu=68 nu=15 | maxmaxl=9
mu=18 nu=65 | maxmaxl=7
mu=86 nu=30 | maxmaxl=23
mu=97 nu=1 | maxmaxl=10
mu=71 nu=30 | maxmaxl=21
mu=114 nu=32 | maxmaxl=10
mu=49 nu=97 | maxmaxl=9
mu=6 nu=97 | maxmaxl=10
mu=89 nu=37 | maxmaxl=6
mu=43 nu=96 | maxmaxl=6
mu=108 nu=31 | maxmaxl=5
mu=74 nu=37 | maxmaxl=6
mu=80 nu=15 | maxmaxl=7
mu=6 nu=95 | maxmaxl=15
mu=65 nu=15 | maxmaxl=7
mu=120 nu=55 | maxmaxl=1
mu=3 nu=81 | maxmaxl=10
mu=83 nu=1 | maxmaxl=9
mu=49 nu=83 | maxmaxl=9
mu=68 nu=1 | maxmaxl=9
mu=3 nu=66 | maxmaxl=10
mu=99 nu=37 | maxmaxl=6
mu=102 nu=34 | maxmaxl=7
mu=49 nu=68 | maxmaxl=8
mu=9 nu=102 | maxmaxl=6
mu=114 nu=30 | maxmaxl=8
mu=49 nu=95 | maxmaxl=7
mu=86 nu=3 | maxmaxl=9
mu=83 nu=6 | maxmaxl=8
mu=89 nu=31 | maxmaxl=5
mu=68 nu=6 | maxmaxl=8
mu=71 nu=3 | maxmaxl=9
mu=74 nu=31 | maxmaxl=4
mu=114 nu=3 | maxmaxl=8
mu=49 nu=80 | maxmaxl=7
mu=37 nu=97 | maxmaxl=5
mu=102 nu=32 | maxmaxl=6
mu=34 nu=96 | maxmaxl=5
mu=99 nu=31 | maxmaxl=4
mu=49 nu=65 | maxmaxl=6
mu=81 nu=0 | maxmaxl=8
mu=80 nu=1 | maxmaxl=7
mu=9 nu=96 | maxmaxl=4
mu=65 nu=1 | maxmaxl=6
mu=66 nu=0 | maxmaxl=7
mu=37 nu=95 | maxmaxl=1
mu=102 nu=30 | maxmaxl=1
mu=120 nu=30 | maxmaxl=1
mu=55 nu=95 | maxmaxl=2
mu=6 nu=80 | maxmaxl=7
mu=86 nu=0 | maxmaxl=8
mu=83 nu=37 | maxmaxl=4
mu=114 nu=0 | maxmaxl=6
mu=71 nu=0 | maxmaxl=7
mu=6 nu=65 | maxmaxl=6
mu=96 nu=32 | maxmaxl=4
mu=97 nu=31 | maxmaxl=3
mu=68 nu=37 | maxmaxl=4
mu=55 nu=89 | maxmaxl=1
mu=37 nu=80 | maxmaxl=3
mu=96 nu=30 | maxmaxl=0
mu=95 nu=31 | maxmaxl=0
mu=83 nu=31 | maxmaxl=2
mu=102 nu=3 | maxmaxl=3
mu=37 nu=65 | maxmaxl=3
mu=55 nu=74 | maxmaxl=1
mu=68 nu=31 | maxmaxl=1
mu=43 nu=95 | maxmaxl=0
mu=108 nu=30 | maxmaxl=0
mu=102 nu=0 | maxmaxl=2
mu=80 nu=31 | maxmaxl=0
mu=3 nu=96 | maxmaxl=0
mu=65 nu=31 | maxmaxl=0
mu=120 nu=9 | maxmaxl=0
mu=89 nu=30 | maxmaxl=0
mu=96 nu=0 | maxmaxl=0
mu=55 nu=108 | maxmaxl=0
mu=120 nu=43 | maxmaxl=0
mu=74 nu=30 | maxmaxl=0
mu=34 nu=95 | maxmaxl=0
mu=99 nu=30 | maxmaxl=0
mu=9 nu=95 | maxmaxl=0
mu=55 nu=97 | maxmaxl=0
mu=120 nu=32 | maxmaxl=0
mu=97 nu=30 | maxmaxl=0
mu=95 nu=32 | maxmaxl=0
mu=55 nu=99 | maxmaxl=0
mu=120 nu=34 | maxmaxl=0
mu=55 nu=80 | maxmaxl=0
nShell=44 nShellPairs=924 nSigShellPairs=924 pAuxCount=1.013471e+09 (primitive) AuxCount=2.422379e+08 (contracted)
mCost=2.227555e+06
fCost=8.162320e+09
wCost=3.461485e+09
Starting SCF procedure...
GMatrixROmem.x10 compute
  EJ = 139.032209 a.u.
    Time to construct JMatrix with RO: 50.8 seconds (33.77 for ints)
  EK = 0.000000 a.u.
    Time to construct KMatrix with RO: 5.53e-07 seconds (0 for ints)
    Time to construct GMatrix with RO: 50.8 seconds
   Max DIIS error = 8.443e+00 subspaceSize = 0
Cycle #0 Total energy = -138.241548 a.u. (scale factor = 3.000000)
----------------------------------------------------------
SCF did not converge in 1 cycles!
==========================================================
GMatrixROmem construction timings:
  iters     mean   stddev      min      max
      0        0        0 9.223e+09 -9.223e+09


Total time since start: 292 seconds

